import XCTest

/**
Feature:
Number one
*/

class NumberOneFeatureTest: XCTestCase {
    
    
    func testScenario_IWantASimpleTest() {
        
        stepDefiner.stepImInASituation()
        
        stepDefiner.stepSomethingHappens()
        
    }
    
    
    
    
    func testScenario_IWantAComplexTest_TestaAndSituationa() {
        
        stepDefiner.stepImInASituation()
        
        stepDefiner.stepSomethingHappens(a: "testA")
        
        stepDefiner.stepJustHappened(b: "situationA")
        
    }
    
    func testScenario_IWantAComplexTest_TestbAndSituationb() {
        
        stepDefiner.stepImInASituation()
        
        stepDefiner.stepSomethingHappens(a: "testB")
        
        stepDefiner.stepJustHappened(b: "situationB")
        
    }
    
    
    
}