/**
This code is autogenerated using Capriccio 1.0.0 - https://github.com/shibapm/capriccio
DO NOT EDIT
*/

import XCTest
import XCTest_Gherkin


final class FeatureNumberOne: XCTestCase {
    
    
    func testScenarioIWantToTest() {
        
        Given("I'm in a situation")
        
        When("Something happens")
        
        Then("Something else happens")
        
    }
    
    
}
