/**
This code is autogenerated using Capriccio 1.0.0 - https://github.com/shibapm/capriccio
DO NOT EDIT
*/

import XCTest
import XCTest_Gherkin


final class FeatureNumberOne: XCTestCase {
    
    
    
    func testScenarioIWantToTestWithValue1AndTextWithSpacesCommasAndDots() {
        
        Given("I'm in a situation")
    
        When("Something happens value1")
    
        Then("Something else happens text with spaces, commas and dots.")
    
    }
    
    func testScenarioIWantToTestWithAnotherReallyComplexTextAndValue4() {
        
        Given("I'm in a situation")
    
        When("Something happens another - really % complex @ text")
    
        Then("Something else happens value4")
    
    }
    
    
    
}
