/**
This code is autogenerated using Capriccio 1.0.0 - https://github.com/shibapm/capriccio
DO NOT EDIT
*/

import XCTest
import XCTest_Gherkin


final class FeatureNumberOne: XCTestCase {
    
    
    
    func testScenarioIWantToTestWithValue1AndValue2() {
        
        Given("I'm in a situation")
    
        When("Something happens value1")
    
        Then("Something else happens value2")
    
    }
    
    func testScenarioIWantToTestWithValue3AndValue4() {
        
        Given("I'm in a situation")
    
        When("Something happens value3")
    
        Then("Something else happens value4")
    
    }
    
    
    
    
    
    func testOtherScenarioIWantToTestWithValue5AndValue6() {
        
        Given("I'm in another situation")
    
        When("Something different happens value6")
    
        Then("Something else happens value5")
    
    }
    
    func testOtherScenarioIWantToTestWithValue7AndValue8() {
        
        Given("I'm in another situation")
    
        When("Something different happens value8")
    
        Then("Something else happens value7")
    
    }
    
    
    
}
